[    1030ms] [LOG] %c
▲

__  __                                     _            __
\ \/ /___  __  __   _________ _____       (_)_  _______/ /_
 \  / __ \/ / / /  / ___/ __ `/ __ \     / / / / / ___/ __/
 / / /_/ / /_/ /  / /__/ /_/ / / / /    / / /_/ (__  ) /_
/_/\____/\__,_/   \___/\__,_/_/ /_/  __/ /\__,_/____/\__/
         __    _          __  __    /___/
   _____/ /_  (_)___     / /_/ /_  (_)___  ____ ______
  / ___/ __ \/ / __ \   / __/ __ \/ / __ \/ __ `/ ___/
 (__  ) / / / / /_/ /  / /_/ / / / / / / / /_/ (__  )
/____/_/ /_/_/ .___/   \__/_/ /_/_/_/ /_/\__, /____/
            /_/                         /____/
  

Hello!

- Open Source https://vercel.com/oss
- Careers https://vercel.com/careers
- Status https://vercel-status.com

 font-family: "Geist Mono", monospace; white-space: pre; line-height: 1; @ https://vercel.com/_next/static/immutable/chunks/1pkfg1j08d74q.js:78
[    3190ms] [WARNING] iso_swr: SSR fetch failed for "/v1/dashboard/projects/~?teamId=njauwangari6-gmailcoms-projects" {error: iso_swr_fetch_error, message: Project not found} @ https://vercel.com/njauwangari6-gmailcoms-projects/~/storage:76
[    3839ms] [WARNING] iso_swr[warn] [client] fallback error for key: "/v1/dashboard/projects/~?teamId=njauwangari6-gmailcoms-projects" {error: iso_swr_fetch_error, message: Project not found} @ https://vercel.com/_next/static/immutable/chunks/1y32lntpq0trd.js:1
[    7779ms] [ERROR] Failed to load resource: the server responded with a status of 404 () @ https://vercel.com/api/v1/dashboard/projects/~?teamId=njauwangari6-gmailcoms-projects:0
[    7971ms] [WARNING] iso_swr: SSR fetch failed for "/v1/dashboard/deployments/dpl_storage?includeDeleted=true&projectName=~&teamId=njauwangari6-gmailcoms-projects" {error: iso_swr_fetch_error, message: Deployment not found} @ https://vercel.com/njauwangari6-gmailcoms-projects/~/storage:169
[    7972ms] [WARNING] iso_swr: SSR fetch failed for "/api/dashboard/deployments/dpl_storage?includeDeleted=true&projectName=~&teamId=njauwangari6-gmailcoms-projects" {error: iso_swr_fetch_error, message: Deployment not found} @ https://vercel.com/njauwangari6-gmailcoms-projects/~/storage:169
[    7973ms] [WARNING] iso_swr: SSR fetch failed for "/api/v9/projects/~?latestDeployments=0&rollbackInfo=true&teamId=njauwangari6-gmailcoms-projects" {error: iso_swr_fetch_error, message: Project not found.} @ https://vercel.com/njauwangari6-gmailcoms-projects/~/storage:169
[    8062ms] [WARNING] Deprecated API for given entry type. @ https://vercel.com/_next/static/immutable/chunks/1jx08663gcloz.js:18
[    8109ms] [ERROR] Failed to load resource: the server responded with a status of 404 () @ https://vercel.com/api/user/permissions?projectIdOrName=%7E&slug=njauwangari6-gmailcoms-projects:0
[    8149ms] [LOG] Ignored request error CustomFetchError: The specified project does not exist or you do not have access.
    at d (https://vercel.com/_next/static/immutable/chunks/2r57u_eg9hr1j.js:2:36411)
    at async https://vercel.com/_next/static/immutable/chunks/29izo5t572lj_.js:2:11821 @ https://vercel.com/_next/static/immutable/chunks/1jx08663gcloz.js:16
[   15461ms] [WARNING] The resource https://vercel.com/_next/static/immutable/chunks/1vm1j_2lfdbl0.css was preloaded using link preload but not used within a few seconds from the window's load event. Please make sure it has an appropriate `as` value and it is preloaded intentionally. @ https://vercel.com/njauwangari6-gmailcoms-projects/~/storage:0
[   15461ms] [WARNING] The resource https://vercel.com/_next/static/immutable/chunks/26wl_i8rmsifj.css was preloaded using link preload but not used within a few seconds from the window's load event. Please make sure it has an appropriate `as` value and it is preloaded intentionally. @ https://vercel.com/njauwangari6-gmailcoms-projects/~/storage:0
[   15461ms] [WARNING] The resource https://vercel.com/_next/static/immutable/chunks/18_7_hfwrfr8q.css was preloaded using link preload but not used within a few seconds from the window's load event. Please make sure it has an appropriate `as` value and it is preloaded intentionally. @ https://vercel.com/njauwangari6-gmailcoms-projects/~/storage:0
[   15461ms] [WARNING] The resource https://vercel.com/_next/static/immutable/chunks/3flhcz7cw314y.css was preloaded using link preload but not used within a few seconds from the window's load event. Please make sure it has an appropriate `as` value and it is preloaded intentionally. @ https://vercel.com/njauwangari6-gmailcoms-projects/~/storage:0
[   22003ms] [WARNING] The resource https://vercel.com/_next/static/immutable/chunks/1vm1j_2lfdbl0.css was preloaded using link preload but not used within a few seconds from the window's load event. Please make sure it has an appropriate `as` value and it is preloaded intentionally. @ https://vercel.com/njauwangari6-gmailcoms-projects/~/storage:0
[   22003ms] [WARNING] The resource https://vercel.com/_next/static/immutable/chunks/26wl_i8rmsifj.css was preloaded using link preload but not used within a few seconds from the window's load event. Please make sure it has an appropriate `as` value and it is preloaded intentionally. @ https://vercel.com/njauwangari6-gmailcoms-projects/~/storage:0
[   22003ms] [WARNING] The resource https://vercel.com/_next/static/immutable/chunks/18_7_hfwrfr8q.css was preloaded using link preload but not used within a few seconds from the window's load event. Please make sure it has an appropriate `as` value and it is preloaded intentionally. @ https://vercel.com/njauwangari6-gmailcoms-projects/~/storage:0
[   22003ms] [WARNING] The resource https://vercel.com/_next/static/immutable/chunks/3flhcz7cw314y.css was preloaded using link preload but not used within a few seconds from the window's load event. Please make sure it has an appropriate `as` value and it is preloaded intentionally. @ https://vercel.com/njauwangari6-gmailcoms-projects/~/storage:0
