[    1521ms] [WARNING] The resource https://vercel.com/_next/static/immutable/media/797e433ab948586e.p.1v5bejj26fx9h.woff2 was preloaded using link preload but not used within a few seconds from the window's load event. Please make sure it has an appropriate `as` value and it is preloaded intentionally. @ https://vercel.com/njauwangari6-gmailcoms-projects/v0-lost-and-found-app/deployments:0
[    1521ms] [WARNING] The resource https://vercel.com/_next/static/immutable/chunks/3flhcz7cw314y.css was preloaded using link preload but not used within a few seconds from the window's load event. Please make sure it has an appropriate `as` value and it is preloaded intentionally. @ https://vercel.com/njauwangari6-gmailcoms-projects/v0-lost-and-found-app/deployments:0
[    1521ms] [WARNING] The resource https://vercel.com/_next/static/immutable/chunks/2oriaryyh9mxi.css was preloaded using link preload but not used within a few seconds from the window's load event. Please make sure it has an appropriate `as` value and it is preloaded intentionally. @ https://vercel.com/njauwangari6-gmailcoms-projects/v0-lost-and-found-app/deployments:0
[    1521ms] [WARNING] The resource https://vercel.com/_next/static/immutable/chunks/3so4vtuzezl_5.css was preloaded using link preload but not used within a few seconds from the window's load event. Please make sure it has an appropriate `as` value and it is preloaded intentionally. @ https://vercel.com/njauwangari6-gmailcoms-projects/v0-lost-and-found-app/deployments:0
[    1521ms] [WARNING] The resource https://vercel.com/_next/static/immutable/chunks/26wl_i8rmsifj.css was preloaded using link preload but not used within a few seconds from the window's load event. Please make sure it has an appropriate `as` value and it is preloaded intentionally. @ https://vercel.com/njauwangari6-gmailcoms-projects/v0-lost-and-found-app/deployments:0
[    1521ms] [WARNING] The resource https://vercel.com/_next/static/immutable/chunks/1tna-02e01jhj.css was preloaded using link preload but not used within a few seconds from the window's load event. Please make sure it has an appropriate `as` value and it is preloaded intentionally. @ https://vercel.com/njauwangari6-gmailcoms-projects/v0-lost-and-found-app/deployments:0
[    1521ms] [WARNING] The resource https://vercel.com/_next/static/immutable/chunks/18wv3dncosm18.css was preloaded using link preload but not used within a few seconds from the window's load event. Please make sure it has an appropriate `as` value and it is preloaded intentionally. @ https://vercel.com/njauwangari6-gmailcoms-projects/v0-lost-and-found-app/deployments:0
[    1521ms] [WARNING] The resource https://vercel.com/_next/static/immutable/chunks/2b2xbhkxq_cms.css was preloaded using link preload but not used within a few seconds from the window's load event. Please make sure it has an appropriate `as` value and it is preloaded intentionally. @ https://vercel.com/njauwangari6-gmailcoms-projects/v0-lost-and-found-app/deployments:0
[    1521ms] [WARNING] The resource https://vercel.com/_next/static/immutable/chunks/18_7_hfwrfr8q.css was preloaded using link preload but not used within a few seconds from the window's load event. Please make sure it has an appropriate `as` value and it is preloaded intentionally. @ https://vercel.com/njauwangari6-gmailcoms-projects/v0-lost-and-found-app/deployments:0
[    1521ms] [WARNING] The resource https://vercel.com/_next/static/immutable/chunks/2jysjpsfs8208.css was preloaded using link preload but not used within a few seconds from the window's load event. Please make sure it has an appropriate `as` value and it is preloaded intentionally. @ https://vercel.com/njauwangari6-gmailcoms-projects/v0-lost-and-found-app/deployments:0
[    1521ms] [WARNING] The resource https://vercel.com/_next/static/immutable/media/Geist_Variable-s.p.2v-cf9syxr5ni.woff2 was preloaded using link preload but not used within a few seconds from the window's load event. Please make sure it has an appropriate `as` value and it is preloaded intentionally. @ https://vercel.com/njauwangari6-gmailcoms-projects/v0-lost-and-found-app/deployments:0
[    1521ms] [WARNING] The resource https://vercel.com/_next/static/immutable/chunks/1-ast8lfkf95n.css was preloaded using link preload but not used within a few seconds from the window's load event. Please make sure it has an appropriate `as` value and it is preloaded intentionally. @ https://vercel.com/njauwangari6-gmailcoms-projects/v0-lost-and-found-app/deployments:0
[    1521ms] [WARNING] The resource https://vercel.com/_next/static/immutable/chunks/16zecwynffy7e.css was preloaded using link preload but not used within a few seconds from the window's load event. Please make sure it has an appropriate `as` value and it is preloaded intentionally. @ https://vercel.com/njauwangari6-gmailcoms-projects/v0-lost-and-found-app/deployments:0
[    1894ms] [ERROR] Executing inline script violates the following Content Security Policy directive 'script-src 'self' 'nonce-ZjNjZWQxYWQtYTY1ZS00NGU1LTgwOGUtN2EzNWMwM2U1ODAw' 'strict-dynamic''. Either the 'unsafe-inline' keyword, a hash ('sha256-n46vPwSWuMC0W703pBofImv82Z26xo4LXymv0E9caPk='), or a nonce ('nonce-...') is required to enable inline execution. The action has been blocked. @ https://v0-lost-and-found-app-sepia-eight.vercel.app/login:0
[    2055ms] [VERBOSE] [DOM] Input elements should have autocomplete attributes (suggested: "current-password"): (More info: https://goo.gl/9p2vKq) %o @ https://v0-lost-and-found-app-sepia-eight.vercel.app/login:0
[    2678ms] Error: Minified React error #418; visit https://react.dev/errors/418?args[]=text&args[]= for the full message or use the non-minified dev environment for full errors and additional helpful warnings.
    at r1 (https://v0-lost-and-found-app-sepia-eight.vercel.app/_next/static/chunks/4bd1b696-ef441a59c2fc9271.js:1:37060)
    at https://v0-lost-and-found-app-sepia-eight.vercel.app/_next/static/chunks/4bd1b696-ef441a59c2fc9271.js:1:134561
    at sk (https://v0-lost-and-found-app-sepia-eight.vercel.app/_next/static/chunks/4bd1b696-ef441a59c2fc9271.js:1:138128)
    at sy (https://v0-lost-and-found-app-sepia-eight.vercel.app/_next/static/chunks/4bd1b696-ef441a59c2fc9271.js:1:129378)
    at https://v0-lost-and-found-app-sepia-eight.vercel.app/_next/static/chunks/4bd1b696-ef441a59c2fc9271.js:1:124196
    at so (https://v0-lost-and-found-app-sepia-eight.vercel.app/_next/static/chunks/4bd1b696-ef441a59c2fc9271.js:1:124297)
    at sG (https://v0-lost-and-found-app-sepia-eight.vercel.app/_next/static/chunks/4bd1b696-ef441a59c2fc9271.js:1:150884)
    at MessagePort.C (https://v0-lost-and-found-app-sepia-eight.vercel.app/_next/static/chunks/8928-687c081b3f2e58a7.js:1:50593)
[    2798ms] [VERBOSE] [DOM] Input elements should have autocomplete attributes (suggested: "current-password"): (More info: https://goo.gl/9p2vKq) %o @ https://v0-lost-and-found-app-sepia-eight.vercel.app/login:0
[  121842ms] [ERROR] Executing inline script violates the following Content Security Policy directive 'script-src 'self' 'nonce-ZjU2YjFjYmYtODVhMy00NzBiLWIyNWQtMmY4NmIyZTE3Mzcy' 'strict-dynamic''. Either the 'unsafe-inline' keyword, a hash ('sha256-n46vPwSWuMC0W703pBofImv82Z26xo4LXymv0E9caPk='), or a nonce ('nonce-...') is required to enable inline execution. The action has been blocked. @ https://v0-lost-and-found-app-sepia-eight.vercel.app/login:0
[  122006ms] [VERBOSE] [DOM] Input elements should have autocomplete attributes (suggested: "current-password"): (More info: https://goo.gl/9p2vKq) %o @ https://v0-lost-and-found-app-sepia-eight.vercel.app/login:0
