[    1320ms] [LOG] %c
▲

    ________   _ __ _          ____           __
   /  _/ __/  (_) /( )_____   / __/___ ______/ /_
   / // /_   / / __/// ___/  / /_/ __ `/ ___/ __/
 _/ // __/  / / /_  (__  )  / __/ /_/ (__  ) /_
/___/_/    /_/\__/ /____/  /_/  \__,_/____/\__/
    _ __ _                         _    __                    __
   (_) /( )_____   ____  ____     | |  / /__  _____________  / /
  / / __/// ___/  / __ \/ __ \    | | / / _ \/ ___/ ___/ _ \/ /
 / / /_  (__  )  / /_/ / / / /    | |/ /  __/ /  / /__/  __/ /
/_/\__/ /____/   \____/_/ /_/     |___/\___/_/   \___/\___/_/
  

Hello!

- Open Source https://vercel.com/oss
- Careers https://vercel.com/careers
- Status https://vercel-status.com

 font-family: "Geist Mono", monospace; white-space: pre; line-height: 1; @ https://vercel.com/_next/static/immutable/chunks/0zc2w91an0f9c.js:78
[    6837ms] [WARNING] Deprecated API for given entry type. @ https://vercel.com/_next/static/immutable/chunks/2pa6gt2dl4uw5.js:18
[   10817ms] [ERROR] Failed to load resource: the server responded with a status of 503 () @ https://vercel.com/_stream/external/hexagon-analytics.com/images/358455.gif?bk=e0fb7b5a33&r=464970645&v=121&cs=UTF-8&h=vercel.com&l=en-US&S=6a7fb2e899e6b158195f88ff801bf218&uu=9873ed8d-08ab-484b-98ac-1b34cd6d22c0&t=v0-lost-and-found-app%20%E2%80%93%20Deployments%20%E2%80%93%20Vercel&u=https%3A%2F%2Fvercel.com%2Fnjauwangari6-gmailcoms-projects%2Fv0-lost-and-found-app%2Fdeployments&ua=Mozilla%2F5.0%20(X11%3B%20Linux%20x86_64)%20AppleWebKit%2F537.36%20(KHTML%2C%20like%20Gecko)%20Chrome%2F151.0.0.0%20Safari%2F537.36&nm=2&mh=63196a00446a1e285d1992cfe444aa55&np=7&ph=903c8f4dfa67841cdad26a28f04caa90&sh=1440&sw=2560&cd=24&p=Linux%20x86_64&to=-180&d=0&ce=true&tp=10&ol=true&pr=Gecko&ps=20030107&vd=Google%20Inc.&hc=8&je=false&ss=true&ls=true&in=true&db=false&tl=false&tr=false&tb=false&ab=false&cf=df385a246829eb23b937381fc779b66d&sri=0&pf=68&inc=false&bn=Brave&ow=1924&oh=913&wd=false&npe=default&fph=7c79d636203cf668fded60d55bc2b5d9&fsh=1440&fsw=2560&fcd=24&fp=Linux%20x86_64&ftp=10&fhc=8&fss=true&fls=true&fin=true&fvch=e959472c2f34b400bdeefe58aef5f6b2&fad=123.93712605409382&fdm=16&fvf=chrome&fcg=srgb&ffc=false&fm=0&fc=0&frm=false&fhdr=false&fmf=70d5293b39f33c702acb3eef83e768dd&fa=255&fte=false&fts=false&fce=true&fpdf=true&fl=cce16c45e622d9ceae4b626c9353ecec&ft=Africa/Nairobi&pfe=39&z=z:0
[   21864ms] [WARNING] The resource https://vercel.com/_next/static/immutable/chunks/0l6r00-njsecy.css was preloaded using link preload but not used within a few seconds from the window's load event. Please make sure it has an appropriate `as` value and it is preloaded intentionally. @ https://vercel.com/njauwangari6-gmailcoms-projects/v0-lost-and-found-app/deployments:0
[   21864ms] [WARNING] The resource https://vercel.com/_next/static/immutable/chunks/3flhcz7cw314y.css was preloaded using link preload but not used within a few seconds from the window's load event. Please make sure it has an appropriate `as` value and it is preloaded intentionally. @ https://vercel.com/njauwangari6-gmailcoms-projects/v0-lost-and-found-app/deployments:0
[   21864ms] [WARNING] The resource https://vercel.com/_next/static/immutable/chunks/2oriaryyh9mxi.css was preloaded using link preload but not used within a few seconds from the window's load event. Please make sure it has an appropriate `as` value and it is preloaded intentionally. @ https://vercel.com/njauwangari6-gmailcoms-projects/v0-lost-and-found-app/deployments:0
[   21864ms] [WARNING] The resource https://vercel.com/_next/static/immutable/chunks/3so4vtuzezl_5.css was preloaded using link preload but not used within a few seconds from the window's load event. Please make sure it has an appropriate `as` value and it is preloaded intentionally. @ https://vercel.com/njauwangari6-gmailcoms-projects/v0-lost-and-found-app/deployments:0
[   21864ms] [WARNING] The resource https://vercel.com/_next/static/immutable/chunks/16zecwynffy7e.css was preloaded using link preload but not used within a few seconds from the window's load event. Please make sure it has an appropriate `as` value and it is preloaded intentionally. @ https://vercel.com/njauwangari6-gmailcoms-projects/v0-lost-and-found-app/deployments:0
[   21864ms] [WARNING] The resource https://vercel.com/_next/static/immutable/chunks/26wl_i8rmsifj.css was preloaded using link preload but not used within a few seconds from the window's load event. Please make sure it has an appropriate `as` value and it is preloaded intentionally. @ https://vercel.com/njauwangari6-gmailcoms-projects/v0-lost-and-found-app/deployments:0
[   21864ms] [WARNING] The resource https://vercel.com/_next/static/immutable/chunks/1tna-02e01jhj.css was preloaded using link preload but not used within a few seconds from the window's load event. Please make sure it has an appropriate `as` value and it is preloaded intentionally. @ https://vercel.com/njauwangari6-gmailcoms-projects/v0-lost-and-found-app/deployments:0
[   21864ms] [WARNING] The resource https://vercel.com/_next/static/immutable/chunks/18wv3dncosm18.css was preloaded using link preload but not used within a few seconds from the window's load event. Please make sure it has an appropriate `as` value and it is preloaded intentionally. @ https://vercel.com/njauwangari6-gmailcoms-projects/v0-lost-and-found-app/deployments:0
[   21865ms] [WARNING] The resource https://vercel.com/_next/static/immutable/chunks/18_7_hfwrfr8q.css was preloaded using link preload but not used within a few seconds from the window's load event. Please make sure it has an appropriate `as` value and it is preloaded intentionally. @ https://vercel.com/njauwangari6-gmailcoms-projects/v0-lost-and-found-app/deployments:0
[   21865ms] [WARNING] The resource https://vercel.com/_next/static/immutable/chunks/2jysjpsfs8208.css was preloaded using link preload but not used within a few seconds from the window's load event. Please make sure it has an appropriate `as` value and it is preloaded intentionally. @ https://vercel.com/njauwangari6-gmailcoms-projects/v0-lost-and-found-app/deployments:0
[   21865ms] [WARNING] The resource https://vercel.com/_next/static/immutable/chunks/1-ast8lfkf95n.css was preloaded using link preload but not used within a few seconds from the window's load event. Please make sure it has an appropriate `as` value and it is preloaded intentionally. @ https://vercel.com/njauwangari6-gmailcoms-projects/v0-lost-and-found-app/deployments:0
[   28178ms] [WARNING] The resource https://vercel.com/_next/static/immutable/chunks/0l6r00-njsecy.css was preloaded using link preload but not used within a few seconds from the window's load event. Please make sure it has an appropriate `as` value and it is preloaded intentionally. @ https://vercel.com/njauwangari6-gmailcoms-projects/v0-lost-and-found-app/deployments:0
[   28178ms] [WARNING] The resource https://vercel.com/_next/static/immutable/chunks/3flhcz7cw314y.css was preloaded using link preload but not used within a few seconds from the window's load event. Please make sure it has an appropriate `as` value and it is preloaded intentionally. @ https://vercel.com/njauwangari6-gmailcoms-projects/v0-lost-and-found-app/deployments:0
[   28179ms] [WARNING] The resource https://vercel.com/_next/static/immutable/chunks/2oriaryyh9mxi.css was preloaded using link preload but not used within a few seconds from the window's load event. Please make sure it has an appropriate `as` value and it is preloaded intentionally. @ https://vercel.com/njauwangari6-gmailcoms-projects/v0-lost-and-found-app/deployments:0
[   28179ms] [WARNING] The resource https://vercel.com/_next/static/immutable/chunks/3so4vtuzezl_5.css was preloaded using link preload but not used within a few seconds from the window's load event. Please make sure it has an appropriate `as` value and it is preloaded intentionally. @ https://vercel.com/njauwangari6-gmailcoms-projects/v0-lost-and-found-app/deployments:0
[   28179ms] [WARNING] The resource https://vercel.com/_next/static/immutable/chunks/16zecwynffy7e.css was preloaded using link preload but not used within a few seconds from the window's load event. Please make sure it has an appropriate `as` value and it is preloaded intentionally. @ https://vercel.com/njauwangari6-gmailcoms-projects/v0-lost-and-found-app/deployments:0
[   28179ms] [WARNING] The resource https://vercel.com/_next/static/immutable/chunks/26wl_i8rmsifj.css was preloaded using link preload but not used within a few seconds from the window's load event. Please make sure it has an appropriate `as` value and it is preloaded intentionally. @ https://vercel.com/njauwangari6-gmailcoms-projects/v0-lost-and-found-app/deployments:0
[   28179ms] [WARNING] The resource https://vercel.com/_next/static/immutable/chunks/1tna-02e01jhj.css was preloaded using link preload but not used within a few seconds from the window's load event. Please make sure it has an appropriate `as` value and it is preloaded intentionally. @ https://vercel.com/njauwangari6-gmailcoms-projects/v0-lost-and-found-app/deployments:0
[   28179ms] [WARNING] The resource https://vercel.com/_next/static/immutable/chunks/18wv3dncosm18.css was preloaded using link preload but not used within a few seconds from the window's load event. Please make sure it has an appropriate `as` value and it is preloaded intentionally. @ https://vercel.com/njauwangari6-gmailcoms-projects/v0-lost-and-found-app/deployments:0
[   28179ms] [WARNING] The resource https://vercel.com/_next/static/immutable/chunks/18_7_hfwrfr8q.css was preloaded using link preload but not used within a few seconds from the window's load event. Please make sure it has an appropriate `as` value and it is preloaded intentionally. @ https://vercel.com/njauwangari6-gmailcoms-projects/v0-lost-and-found-app/deployments:0
[   28179ms] [WARNING] The resource https://vercel.com/_next/static/immutable/chunks/2jysjpsfs8208.css was preloaded using link preload but not used within a few seconds from the window's load event. Please make sure it has an appropriate `as` value and it is preloaded intentionally. @ https://vercel.com/njauwangari6-gmailcoms-projects/v0-lost-and-found-app/deployments:0
[   28179ms] [WARNING] The resource https://vercel.com/_next/static/immutable/chunks/1-ast8lfkf95n.css was preloaded using link preload but not used within a few seconds from the window's load event. Please make sure it has an appropriate `as` value and it is preloaded intentionally. @ https://vercel.com/njauwangari6-gmailcoms-projects/v0-lost-and-found-app/deployments:0
[   36726ms] [WARNING] The resource https://vercel.com/_next/static/immutable/chunks/0l6r00-njsecy.css was preloaded using link preload but not used within a few seconds from the window's load event. Please make sure it has an appropriate `as` value and it is preloaded intentionally. @ https://vercel.com/njauwangari6-gmailcoms-projects/v0-lost-and-found-app/deployments:0
[   36726ms] [WARNING] The resource https://vercel.com/_next/static/immutable/chunks/3flhcz7cw314y.css was preloaded using link preload but not used within a few seconds from the window's load event. Please make sure it has an appropriate `as` value and it is preloaded intentionally. @ https://vercel.com/njauwangari6-gmailcoms-projects/v0-lost-and-found-app/deployments:0
[   36726ms] [WARNING] The resource https://vercel.com/_next/static/immutable/chunks/2oriaryyh9mxi.css was preloaded using link preload but not used within a few seconds from the window's load event. Please make sure it has an appropriate `as` value and it is preloaded intentionally. @ https://vercel.com/njauwangari6-gmailcoms-projects/v0-lost-and-found-app/deployments:0
[   36726ms] [WARNING] The resource https://vercel.com/_next/static/immutable/chunks/3so4vtuzezl_5.css was preloaded using link preload but not used within a few seconds from the window's load event. Please make sure it has an appropriate `as` value and it is preloaded intentionally. @ https://vercel.com/njauwangari6-gmailcoms-projects/v0-lost-and-found-app/deployments:0
[   36726ms] [WARNING] The resource https://vercel.com/_next/static/immutable/chunks/16zecwynffy7e.css was preloaded using link preload but not used within a few seconds from the window's load event. Please make sure it has an appropriate `as` value and it is preloaded intentionally. @ https://vercel.com/njauwangari6-gmailcoms-projects/v0-lost-and-found-app/deployments:0
[   36726ms] [WARNING] The resource https://vercel.com/_next/static/immutable/chunks/26wl_i8rmsifj.css was preloaded using link preload but not used within a few seconds from the window's load event. Please make sure it has an appropriate `as` value and it is preloaded intentionally. @ https://vercel.com/njauwangari6-gmailcoms-projects/v0-lost-and-found-app/deployments:0
[   36726ms] [WARNING] The resource https://vercel.com/_next/static/immutable/chunks/1tna-02e01jhj.css was preloaded using link preload but not used within a few seconds from the window's load event. Please make sure it has an appropriate `as` value and it is preloaded intentionally. @ https://vercel.com/njauwangari6-gmailcoms-projects/v0-lost-and-found-app/deployments:0
[   36726ms] [WARNING] The resource https://vercel.com/_next/static/immutable/chunks/18wv3dncosm18.css was preloaded using link preload but not used within a few seconds from the window's load event. Please make sure it has an appropriate `as` value and it is preloaded intentionally. @ https://vercel.com/njauwangari6-gmailcoms-projects/v0-lost-and-found-app/deployments:0
[   36726ms] [WARNING] The resource https://vercel.com/_next/static/immutable/chunks/18_7_hfwrfr8q.css was preloaded using link preload but not used within a few seconds from the window's load event. Please make sure it has an appropriate `as` value and it is preloaded intentionally. @ https://vercel.com/njauwangari6-gmailcoms-projects/v0-lost-and-found-app/deployments:0
[   36726ms] [WARNING] The resource https://vercel.com/_next/static/immutable/chunks/2jysjpsfs8208.css was preloaded using link preload but not used within a few seconds from the window's load event. Please make sure it has an appropriate `as` value and it is preloaded intentionally. @ https://vercel.com/njauwangari6-gmailcoms-projects/v0-lost-and-found-app/deployments:0
[   36726ms] [WARNING] The resource https://vercel.com/_next/static/immutable/chunks/1-ast8lfkf95n.css was preloaded using link preload but not used within a few seconds from the window's load event. Please make sure it has an appropriate `as` value and it is preloaded intentionally. @ https://vercel.com/njauwangari6-gmailcoms-projects/v0-lost-and-found-app/deployments:0
[   43515ms] [WARNING] The resource https://vercel.com/_next/static/immutable/chunks/0l6r00-njsecy.css was preloaded using link preload but not used within a few seconds from the window's load event. Please make sure it has an appropriate `as` value and it is preloaded intentionally. @ https://vercel.com/njauwangari6-gmailcoms-projects/v0-lost-and-found-app/deployments:0
[   43515ms] [WARNING] The resource https://vercel.com/_next/static/immutable/chunks/3flhcz7cw314y.css was preloaded using link preload but not used within a few seconds from the window's load event. Please make sure it has an appropriate `as` value and it is preloaded intentionally. @ https://vercel.com/njauwangari6-gmailcoms-projects/v0-lost-and-found-app/deployments:0
[   43516ms] [WARNING] The resource https://vercel.com/_next/static/immutable/chunks/2oriaryyh9mxi.css was preloaded using link preload but not used within a few seconds from the window's load event. Please make sure it has an appropriate `as` value and it is preloaded intentionally. @ https://vercel.com/njauwangari6-gmailcoms-projects/v0-lost-and-found-app/deployments:0
[   43516ms] [WARNING] The resource https://vercel.com/_next/static/immutable/chunks/3so4vtuzezl_5.css was preloaded using link preload but not used within a few seconds from the window's load event. Please make sure it has an appropriate `as` value and it is preloaded intentionally. @ https://vercel.com/njauwangari6-gmailcoms-projects/v0-lost-and-found-app/deployments:0
[   43516ms] [WARNING] The resource https://vercel.com/_next/static/immutable/chunks/16zecwynffy7e.css was preloaded using link preload but not used within a few seconds from the window's load event. Please make sure it has an appropriate `as` value and it is preloaded intentionally. @ https://vercel.com/njauwangari6-gmailcoms-projects/v0-lost-and-found-app/deployments:0
[   43516ms] [WARNING] The resource https://vercel.com/_next/static/immutable/chunks/26wl_i8rmsifj.css was preloaded using link preload but not used within a few seconds from the window's load event. Please make sure it has an appropriate `as` value and it is preloaded intentionally. @ https://vercel.com/njauwangari6-gmailcoms-projects/v0-lost-and-found-app/deployments:0
[   43516ms] [WARNING] The resource https://vercel.com/_next/static/immutable/chunks/1tna-02e01jhj.css was preloaded using link preload but not used within a few seconds from the window's load event. Please make sure it has an appropriate `as` value and it is preloaded intentionally. @ https://vercel.com/njauwangari6-gmailcoms-projects/v0-lost-and-found-app/deployments:0
[   43516ms] [WARNING] The resource https://vercel.com/_next/static/immutable/chunks/18wv3dncosm18.css was preloaded using link preload but not used within a few seconds from the window's load event. Please make sure it has an appropriate `as` value and it is preloaded intentionally. @ https://vercel.com/njauwangari6-gmailcoms-projects/v0-lost-and-found-app/deployments:0
[   43516ms] [WARNING] The resource https://vercel.com/_next/static/immutable/chunks/18_7_hfwrfr8q.css was preloaded using link preload but not used within a few seconds from the window's load event. Please make sure it has an appropriate `as` value and it is preloaded intentionally. @ https://vercel.com/njauwangari6-gmailcoms-projects/v0-lost-and-found-app/deployments:0
[   43516ms] [WARNING] The resource https://vercel.com/_next/static/immutable/chunks/2jysjpsfs8208.css was preloaded using link preload but not used within a few seconds from the window's load event. Please make sure it has an appropriate `as` value and it is preloaded intentionally. @ https://vercel.com/njauwangari6-gmailcoms-projects/v0-lost-and-found-app/deployments:0
[   43516ms] [WARNING] The resource https://vercel.com/_next/static/immutable/chunks/1-ast8lfkf95n.css was preloaded using link preload but not used within a few seconds from the window's load event. Please make sure it has an appropriate `as` value and it is preloaded intentionally. @ https://vercel.com/njauwangari6-gmailcoms-projects/v0-lost-and-found-app/deployments:0
