[     912ms] [LOG] %c
▲

    ________   _ __ _          ____           __
   /  _/ __/  (_) /( )_____   / __/___ ______/ /_
   / // /_   / / __/// ___/  / /_/ __ `/ ___/ __/
 _/ // __/  / / /_  (__  )  / __/ /_/ (__  ) /_
/___/_/    /_/\__/ /____/  /_/  \__,_/____/\__/
    _ __ _                         _    __                    __
   (_) /( )_____   ____  ____     | |  / /__  _____________  / /
  / / __/// ___/  / __ \/ __ \    | | / / _ \/ ___/ ___/ _ \/ /
 / / /_  (__  )  / /_/ / / / /    | |/ /  __/ /  / /__/  __/ /
/_/\__/ /____/   \____/_/ /_/     |___/\___/_/   \___/\___/_/
  

Hello!

- Open Source https://vercel.com/oss
- Careers https://vercel.com/careers
- Status https://vercel-status.com

 font-family: "Geist Mono", monospace; white-space: pre; line-height: 1; @ https://vercel.com/_next/static/immutable/chunks/0zc2w91an0f9c.js:78
[    6299ms] [WARNING] Deprecated API for given entry type. @ https://vercel.com/_next/static/immutable/chunks/2pa6gt2dl4uw5.js:18
[   27207ms] [WARNING] The resource https://vercel.com/_next/static/immutable/chunks/3flhcz7cw314y.css was preloaded using link preload but not used within a few seconds from the window's load event. Please make sure it has an appropriate `as` value and it is preloaded intentionally. @ https://vercel.com/njauwangari6-gmailcoms-projects/v0-lost-and-found-app/deployments:0
[   27207ms] [WARNING] The resource https://vercel.com/_next/static/immutable/chunks/2oriaryyh9mxi.css was preloaded using link preload but not used within a few seconds from the window's load event. Please make sure it has an appropriate `as` value and it is preloaded intentionally. @ https://vercel.com/njauwangari6-gmailcoms-projects/v0-lost-and-found-app/deployments:0
[   27207ms] [WARNING] The resource https://vercel.com/_next/static/immutable/chunks/3so4vtuzezl_5.css was preloaded using link preload but not used within a few seconds from the window's load event. Please make sure it has an appropriate `as` value and it is preloaded intentionally. @ https://vercel.com/njauwangari6-gmailcoms-projects/v0-lost-and-found-app/deployments:0
[   27207ms] [WARNING] The resource https://vercel.com/_next/static/immutable/chunks/26wl_i8rmsifj.css was preloaded using link preload but not used within a few seconds from the window's load event. Please make sure it has an appropriate `as` value and it is preloaded intentionally. @ https://vercel.com/njauwangari6-gmailcoms-projects/v0-lost-and-found-app/deployments:0
[   27207ms] [WARNING] The resource https://vercel.com/_next/static/immutable/chunks/1tna-02e01jhj.css was preloaded using link preload but not used within a few seconds from the window's load event. Please make sure it has an appropriate `as` value and it is preloaded intentionally. @ https://vercel.com/njauwangari6-gmailcoms-projects/v0-lost-and-found-app/deployments:0
[   27207ms] [WARNING] The resource https://vercel.com/_next/static/immutable/chunks/18wv3dncosm18.css was preloaded using link preload but not used within a few seconds from the window's load event. Please make sure it has an appropriate `as` value and it is preloaded intentionally. @ https://vercel.com/njauwangari6-gmailcoms-projects/v0-lost-and-found-app/deployments:0
[   27207ms] [WARNING] The resource https://vercel.com/_next/static/immutable/chunks/2b2xbhkxq_cms.css was preloaded using link preload but not used within a few seconds from the window's load event. Please make sure it has an appropriate `as` value and it is preloaded intentionally. @ https://vercel.com/njauwangari6-gmailcoms-projects/v0-lost-and-found-app/deployments:0
[   27208ms] [WARNING] The resource https://vercel.com/_next/static/immutable/chunks/18_7_hfwrfr8q.css was preloaded using link preload but not used within a few seconds from the window's load event. Please make sure it has an appropriate `as` value and it is preloaded intentionally. @ https://vercel.com/njauwangari6-gmailcoms-projects/v0-lost-and-found-app/deployments:0
[   27208ms] [WARNING] The resource https://vercel.com/_next/static/immutable/chunks/2jysjpsfs8208.css was preloaded using link preload but not used within a few seconds from the window's load event. Please make sure it has an appropriate `as` value and it is preloaded intentionally. @ https://vercel.com/njauwangari6-gmailcoms-projects/v0-lost-and-found-app/deployments:0
[   27208ms] [WARNING] The resource https://vercel.com/_next/static/immutable/chunks/1-ast8lfkf95n.css was preloaded using link preload but not used within a few seconds from the window's load event. Please make sure it has an appropriate `as` value and it is preloaded intentionally. @ https://vercel.com/njauwangari6-gmailcoms-projects/v0-lost-and-found-app/deployments:0
[   27208ms] [WARNING] The resource https://vercel.com/_next/static/immutable/chunks/16zecwynffy7e.css was preloaded using link preload but not used within a few seconds from the window's load event. Please make sure it has an appropriate `as` value and it is preloaded intentionally. @ https://vercel.com/njauwangari6-gmailcoms-projects/v0-lost-and-found-app/deployments:0
[   35719ms] [WARNING] The resource https://vercel.com/_next/static/immutable/chunks/3flhcz7cw314y.css was preloaded using link preload but not used within a few seconds from the window's load event. Please make sure it has an appropriate `as` value and it is preloaded intentionally. @ https://vercel.com/njauwangari6-gmailcoms-projects/v0-lost-and-found-app/deployments:0
[   35719ms] [WARNING] The resource https://vercel.com/_next/static/immutable/chunks/2oriaryyh9mxi.css was preloaded using link preload but not used within a few seconds from the window's load event. Please make sure it has an appropriate `as` value and it is preloaded intentionally. @ https://vercel.com/njauwangari6-gmailcoms-projects/v0-lost-and-found-app/deployments:0
[   35719ms] [WARNING] The resource https://vercel.com/_next/static/immutable/chunks/3so4vtuzezl_5.css was preloaded using link preload but not used within a few seconds from the window's load event. Please make sure it has an appropriate `as` value and it is preloaded intentionally. @ https://vercel.com/njauwangari6-gmailcoms-projects/v0-lost-and-found-app/deployments:0
[   35719ms] [WARNING] The resource https://vercel.com/_next/static/immutable/chunks/26wl_i8rmsifj.css was preloaded using link preload but not used within a few seconds from the window's load event. Please make sure it has an appropriate `as` value and it is preloaded intentionally. @ https://vercel.com/njauwangari6-gmailcoms-projects/v0-lost-and-found-app/deployments:0
[   35719ms] [WARNING] The resource https://vercel.com/_next/static/immutable/chunks/1tna-02e01jhj.css was preloaded using link preload but not used within a few seconds from the window's load event. Please make sure it has an appropriate `as` value and it is preloaded intentionally. @ https://vercel.com/njauwangari6-gmailcoms-projects/v0-lost-and-found-app/deployments:0
[   35719ms] [WARNING] The resource https://vercel.com/_next/static/immutable/chunks/18wv3dncosm18.css was preloaded using link preload but not used within a few seconds from the window's load event. Please make sure it has an appropriate `as` value and it is preloaded intentionally. @ https://vercel.com/njauwangari6-gmailcoms-projects/v0-lost-and-found-app/deployments:0
[   35719ms] [WARNING] The resource https://vercel.com/_next/static/immutable/chunks/2b2xbhkxq_cms.css was preloaded using link preload but not used within a few seconds from the window's load event. Please make sure it has an appropriate `as` value and it is preloaded intentionally. @ https://vercel.com/njauwangari6-gmailcoms-projects/v0-lost-and-found-app/deployments:0
[   35719ms] [WARNING] The resource https://vercel.com/_next/static/immutable/chunks/18_7_hfwrfr8q.css was preloaded using link preload but not used within a few seconds from the window's load event. Please make sure it has an appropriate `as` value and it is preloaded intentionally. @ https://vercel.com/njauwangari6-gmailcoms-projects/v0-lost-and-found-app/deployments:0
[   35719ms] [WARNING] The resource https://vercel.com/_next/static/immutable/chunks/2jysjpsfs8208.css was preloaded using link preload but not used within a few seconds from the window's load event. Please make sure it has an appropriate `as` value and it is preloaded intentionally. @ https://vercel.com/njauwangari6-gmailcoms-projects/v0-lost-and-found-app/deployments:0
[   35719ms] [WARNING] The resource https://vercel.com/_next/static/immutable/chunks/1-ast8lfkf95n.css was preloaded using link preload but not used within a few seconds from the window's load event. Please make sure it has an appropriate `as` value and it is preloaded intentionally. @ https://vercel.com/njauwangari6-gmailcoms-projects/v0-lost-and-found-app/deployments:0
[   35719ms] [WARNING] The resource https://vercel.com/_next/static/immutable/chunks/16zecwynffy7e.css was preloaded using link preload but not used within a few seconds from the window's load event. Please make sure it has an appropriate `as` value and it is preloaded intentionally. @ https://vercel.com/njauwangari6-gmailcoms-projects/v0-lost-and-found-app/deployments:0
[   41897ms] [WARNING] The resource https://vercel.com/_next/static/immutable/chunks/3flhcz7cw314y.css was preloaded using link preload but not used within a few seconds from the window's load event. Please make sure it has an appropriate `as` value and it is preloaded intentionally. @ https://vercel.com/njauwangari6-gmailcoms-projects/v0-lost-and-found-app/deployments:0
[   41897ms] [WARNING] The resource https://vercel.com/_next/static/immutable/chunks/2oriaryyh9mxi.css was preloaded using link preload but not used within a few seconds from the window's load event. Please make sure it has an appropriate `as` value and it is preloaded intentionally. @ https://vercel.com/njauwangari6-gmailcoms-projects/v0-lost-and-found-app/deployments:0
[   41897ms] [WARNING] The resource https://vercel.com/_next/static/immutable/chunks/3so4vtuzezl_5.css was preloaded using link preload but not used within a few seconds from the window's load event. Please make sure it has an appropriate `as` value and it is preloaded intentionally. @ https://vercel.com/njauwangari6-gmailcoms-projects/v0-lost-and-found-app/deployments:0
[   41897ms] [WARNING] The resource https://vercel.com/_next/static/immutable/chunks/26wl_i8rmsifj.css was preloaded using link preload but not used within a few seconds from the window's load event. Please make sure it has an appropriate `as` value and it is preloaded intentionally. @ https://vercel.com/njauwangari6-gmailcoms-projects/v0-lost-and-found-app/deployments:0
[   41897ms] [WARNING] The resource https://vercel.com/_next/static/immutable/chunks/1tna-02e01jhj.css was preloaded using link preload but not used within a few seconds from the window's load event. Please make sure it has an appropriate `as` value and it is preloaded intentionally. @ https://vercel.com/njauwangari6-gmailcoms-projects/v0-lost-and-found-app/deployments:0
[   41897ms] [WARNING] The resource https://vercel.com/_next/static/immutable/chunks/18wv3dncosm18.css was preloaded using link preload but not used within a few seconds from the window's load event. Please make sure it has an appropriate `as` value and it is preloaded intentionally. @ https://vercel.com/njauwangari6-gmailcoms-projects/v0-lost-and-found-app/deployments:0
[   41898ms] [WARNING] The resource https://vercel.com/_next/static/immutable/chunks/2b2xbhkxq_cms.css was preloaded using link preload but not used within a few seconds from the window's load event. Please make sure it has an appropriate `as` value and it is preloaded intentionally. @ https://vercel.com/njauwangari6-gmailcoms-projects/v0-lost-and-found-app/deployments:0
[   41898ms] [WARNING] The resource https://vercel.com/_next/static/immutable/chunks/18_7_hfwrfr8q.css was preloaded using link preload but not used within a few seconds from the window's load event. Please make sure it has an appropriate `as` value and it is preloaded intentionally. @ https://vercel.com/njauwangari6-gmailcoms-projects/v0-lost-and-found-app/deployments:0
[   41898ms] [WARNING] The resource https://vercel.com/_next/static/immutable/chunks/2jysjpsfs8208.css was preloaded using link preload but not used within a few seconds from the window's load event. Please make sure it has an appropriate `as` value and it is preloaded intentionally. @ https://vercel.com/njauwangari6-gmailcoms-projects/v0-lost-and-found-app/deployments:0
[   41898ms] [WARNING] The resource https://vercel.com/_next/static/immutable/chunks/1-ast8lfkf95n.css was preloaded using link preload but not used within a few seconds from the window's load event. Please make sure it has an appropriate `as` value and it is preloaded intentionally. @ https://vercel.com/njauwangari6-gmailcoms-projects/v0-lost-and-found-app/deployments:0
[   41898ms] [WARNING] The resource https://vercel.com/_next/static/immutable/chunks/16zecwynffy7e.css was preloaded using link preload but not used within a few seconds from the window's load event. Please make sure it has an appropriate `as` value and it is preloaded intentionally. @ https://vercel.com/njauwangari6-gmailcoms-projects/v0-lost-and-found-app/deployments:0
[   72358ms] [WARNING] The resource https://vercel.com/_next/static/immutable/chunks/3flhcz7cw314y.css was preloaded using link preload but not used within a few seconds from the window's load event. Please make sure it has an appropriate `as` value and it is preloaded intentionally. @ https://vercel.com/njauwangari6-gmailcoms-projects/v0-lost-and-found-app/deployments:0
[   72358ms] [WARNING] The resource https://vercel.com/_next/static/immutable/chunks/2oriaryyh9mxi.css was preloaded using link preload but not used within a few seconds from the window's load event. Please make sure it has an appropriate `as` value and it is preloaded intentionally. @ https://vercel.com/njauwangari6-gmailcoms-projects/v0-lost-and-found-app/deployments:0
[   72359ms] [WARNING] The resource https://vercel.com/_next/static/immutable/chunks/3so4vtuzezl_5.css was preloaded using link preload but not used within a few seconds from the window's load event. Please make sure it has an appropriate `as` value and it is preloaded intentionally. @ https://vercel.com/njauwangari6-gmailcoms-projects/v0-lost-and-found-app/deployments:0
[   72359ms] [WARNING] The resource https://vercel.com/_next/static/immutable/chunks/26wl_i8rmsifj.css was preloaded using link preload but not used within a few seconds from the window's load event. Please make sure it has an appropriate `as` value and it is preloaded intentionally. @ https://vercel.com/njauwangari6-gmailcoms-projects/v0-lost-and-found-app/deployments:0
[   72359ms] [WARNING] The resource https://vercel.com/_next/static/immutable/chunks/1tna-02e01jhj.css was preloaded using link preload but not used within a few seconds from the window's load event. Please make sure it has an appropriate `as` value and it is preloaded intentionally. @ https://vercel.com/njauwangari6-gmailcoms-projects/v0-lost-and-found-app/deployments:0
[   72359ms] [WARNING] The resource https://vercel.com/_next/static/immutable/chunks/18wv3dncosm18.css was preloaded using link preload but not used within a few seconds from the window's load event. Please make sure it has an appropriate `as` value and it is preloaded intentionally. @ https://vercel.com/njauwangari6-gmailcoms-projects/v0-lost-and-found-app/deployments:0
[   72359ms] [WARNING] The resource https://vercel.com/_next/static/immutable/chunks/2b2xbhkxq_cms.css was preloaded using link preload but not used within a few seconds from the window's load event. Please make sure it has an appropriate `as` value and it is preloaded intentionally. @ https://vercel.com/njauwangari6-gmailcoms-projects/v0-lost-and-found-app/deployments:0
[   72359ms] [WARNING] The resource https://vercel.com/_next/static/immutable/chunks/18_7_hfwrfr8q.css was preloaded using link preload but not used within a few seconds from the window's load event. Please make sure it has an appropriate `as` value and it is preloaded intentionally. @ https://vercel.com/njauwangari6-gmailcoms-projects/v0-lost-and-found-app/deployments:0
[   72359ms] [WARNING] The resource https://vercel.com/_next/static/immutable/chunks/2jysjpsfs8208.css was preloaded using link preload but not used within a few seconds from the window's load event. Please make sure it has an appropriate `as` value and it is preloaded intentionally. @ https://vercel.com/njauwangari6-gmailcoms-projects/v0-lost-and-found-app/deployments:0
[   72359ms] [WARNING] The resource https://vercel.com/_next/static/immutable/chunks/1-ast8lfkf95n.css was preloaded using link preload but not used within a few seconds from the window's load event. Please make sure it has an appropriate `as` value and it is preloaded intentionally. @ https://vercel.com/njauwangari6-gmailcoms-projects/v0-lost-and-found-app/deployments:0
[   72359ms] [WARNING] The resource https://vercel.com/_next/static/immutable/chunks/16zecwynffy7e.css was preloaded using link preload but not used within a few seconds from the window's load event. Please make sure it has an appropriate `as` value and it is preloaded intentionally. @ https://vercel.com/njauwangari6-gmailcoms-projects/v0-lost-and-found-app/deployments:0
[   79564ms] [ERROR] Failed to load resource: the server responded with a status of 415 () @ https://vercel.com/api/auth/logout:0
[   80894ms] [LOG] %c
▲

 _____ _              _                    _   _             __
|_   _| |__   ___    / \   __ _  ___ _ __ | |_(_) ___       / /
  | | | '_ \ / _ \  / _ \ / _` |/ _ \ '_ \| __| |/ __|     / /
  | | | | | |  __/ / ___ \ (_| |  __/ | | | |_| | (__     /_/
  |_| |_| |_|\___|/_/   \_\__, |\___|_| |_|\__|_|\___|    (_)
                           |___/
 ___        __               _                   _                 _
|_ _|_ __  / _|_ __ __ _ ___| |_ _ __ _   _  ___| |_ _   _ _ __ ___
 | || '_ \| |_| '__/ _` / __| __| '__| | | |/ __| __| | | | '__/ _ \
 | || | | |  _| | | (_| \__ \ |_| |  | |_| | (__| |_| |_| | | |  __/
|___|_| |_|_| |_|  \__,_|___/\__|_|   \__,_|\___|\__|\__,_|_|  \___|
  

Hello!

- Open Source https://vercel.com/oss
- Careers https://vercel.com/careers
- Status https://vercel-status.com

 font-family: "Geist Mono", monospace; white-space: pre; line-height: 1; @ https://vercel.com/_next/static/immutable/chunks/0zc2w91an0f9c.js:78
[   85362ms] [WARNING] Deprecated API for given entry type. @ https://vercel.com/_next/static/immutable/chunks/2pa6gt2dl4uw5.js:18
[   95595ms] [WARNING] The resource https://vercel.com/_next/static/immutable/chunks/32fn_23dei1yg.css was preloaded using link preload but not used within a few seconds from the window's load event. Please make sure it has an appropriate `as` value and it is preloaded intentionally. @ https://vercel.com/njauwangari6-gmailcoms-projects:0
[   95596ms] [WARNING] The resource https://vercel.com/_next/static/immutable/chunks/16zecwynffy7e.css was preloaded using link preload but not used within a few seconds from the window's load event. Please make sure it has an appropriate `as` value and it is preloaded intentionally. @ https://vercel.com/njauwangari6-gmailcoms-projects:0
[   95596ms] [WARNING] The resource https://vercel.com/_next/static/immutable/chunks/3flhcz7cw314y.css was preloaded using link preload but not used within a few seconds from the window's load event. Please make sure it has an appropriate `as` value and it is preloaded intentionally. @ https://vercel.com/njauwangari6-gmailcoms-projects:0
[   95596ms] [WARNING] The resource https://vercel.com/_next/static/immutable/chunks/3so4vtuzezl_5.css was preloaded using link preload but not used within a few seconds from the window's load event. Please make sure it has an appropriate `as` value and it is preloaded intentionally. @ https://vercel.com/njauwangari6-gmailcoms-projects:0
[   95596ms] [WARNING] The resource https://vercel.com/_next/static/immutable/chunks/1tna-02e01jhj.css was preloaded using link preload but not used within a few seconds from the window's load event. Please make sure it has an appropriate `as` value and it is preloaded intentionally. @ https://vercel.com/njauwangari6-gmailcoms-projects:0
[   95596ms] [WARNING] The resource https://vercel.com/_next/static/immutable/chunks/18wv3dncosm18.css was preloaded using link preload but not used within a few seconds from the window's load event. Please make sure it has an appropriate `as` value and it is preloaded intentionally. @ https://vercel.com/njauwangari6-gmailcoms-projects:0
[   95596ms] [WARNING] The resource https://vercel.com/_next/static/immutable/chunks/2b2xbhkxq_cms.css was preloaded using link preload but not used within a few seconds from the window's load event. Please make sure it has an appropriate `as` value and it is preloaded intentionally. @ https://vercel.com/njauwangari6-gmailcoms-projects:0
[   95596ms] [WARNING] The resource https://vercel.com/_next/static/immutable/chunks/2jysjpsfs8208.css was preloaded using link preload but not used within a few seconds from the window's load event. Please make sure it has an appropriate `as` value and it is preloaded intentionally. @ https://vercel.com/njauwangari6-gmailcoms-projects:0
[   95596ms] [WARNING] The resource https://vercel.com/_next/static/immutable/chunks/1-ast8lfkf95n.css was preloaded using link preload but not used within a few seconds from the window's load event. Please make sure it has an appropriate `as` value and it is preloaded intentionally. @ https://vercel.com/njauwangari6-gmailcoms-projects:0
[  102788ms] [WARNING] The resource https://vercel.com/_next/static/immutable/chunks/32fn_23dei1yg.css was preloaded using link preload but not used within a few seconds from the window's load event. Please make sure it has an appropriate `as` value and it is preloaded intentionally. @ https://vercel.com/njauwangari6-gmailcoms-projects:0
[  102788ms] [WARNING] The resource https://vercel.com/_next/static/immutable/chunks/16zecwynffy7e.css was preloaded using link preload but not used within a few seconds from the window's load event. Please make sure it has an appropriate `as` value and it is preloaded intentionally. @ https://vercel.com/njauwangari6-gmailcoms-projects:0
[  102788ms] [WARNING] The resource https://vercel.com/_next/static/immutable/chunks/3flhcz7cw314y.css was preloaded using link preload but not used within a few seconds from the window's load event. Please make sure it has an appropriate `as` value and it is preloaded intentionally. @ https://vercel.com/njauwangari6-gmailcoms-projects:0
[  102788ms] [WARNING] The resource https://vercel.com/_next/static/immutable/chunks/3so4vtuzezl_5.css was preloaded using link preload but not used within a few seconds from the window's load event. Please make sure it has an appropriate `as` value and it is preloaded intentionally. @ https://vercel.com/njauwangari6-gmailcoms-projects:0
[  102788ms] [WARNING] The resource https://vercel.com/_next/static/immutable/chunks/1tna-02e01jhj.css was preloaded using link preload but not used within a few seconds from the window's load event. Please make sure it has an appropriate `as` value and it is preloaded intentionally. @ https://vercel.com/njauwangari6-gmailcoms-projects:0
[  102788ms] [WARNING] The resource https://vercel.com/_next/static/immutable/chunks/18wv3dncosm18.css was preloaded using link preload but not used within a few seconds from the window's load event. Please make sure it has an appropriate `as` value and it is preloaded intentionally. @ https://vercel.com/njauwangari6-gmailcoms-projects:0
[  102788ms] [WARNING] The resource https://vercel.com/_next/static/immutable/chunks/2b2xbhkxq_cms.css was preloaded using link preload but not used within a few seconds from the window's load event. Please make sure it has an appropriate `as` value and it is preloaded intentionally. @ https://vercel.com/njauwangari6-gmailcoms-projects:0
[  102788ms] [WARNING] The resource https://vercel.com/_next/static/immutable/chunks/2jysjpsfs8208.css was preloaded using link preload but not used within a few seconds from the window's load event. Please make sure it has an appropriate `as` value and it is preloaded intentionally. @ https://vercel.com/njauwangari6-gmailcoms-projects:0
[  102788ms] [WARNING] The resource https://vercel.com/_next/static/immutable/chunks/1-ast8lfkf95n.css was preloaded using link preload but not used within a few seconds from the window's load event. Please make sure it has an appropriate `as` value and it is preloaded intentionally. @ https://vercel.com/njauwangari6-gmailcoms-projects:0
