[     878ms] [LOG] %c
▲

    ____                               _ __
   / __ \________  ____ _____ ___     (_) /_
  / / / / ___/ _ \/ __ `/ __ `__ \   / / __/
 / /_/ / /  /  __/ /_/ / / / / / /  / / /__
/_____/_/   \___/\__,_/_/ /_/ /_/  /_/\__( )
   _____ __    _          _ __           |/
  / ___// /_  (_)___     (_) /_
  \__ \/ __ \/ / __ \   / / __/
 ___/ / / / / / /_/ /  / / /_
/____/_/ /_/_/ .___/  /_/\__/
            /_/
  

Hello!

- Open Source https://vercel.com/oss
- Careers https://vercel.com/careers
- Status https://vercel-status.com

 font-family: "Geist Mono", monospace; white-space: pre; line-height: 1; @ https://vercel.com/_next/static/immutable/chunks/0zc2w91an0f9c.js:78
[    7155ms] [WARNING] Deprecated API for given entry type. @ https://vercel.com/_next/static/immutable/chunks/2pa6gt2dl4uw5.js:18
[   21941ms] [WARNING] The resource https://vercel.com/_next/static/immutable/chunks/3flhcz7cw314y.css was preloaded using link preload but not used within a few seconds from the window's load event. Please make sure it has an appropriate `as` value and it is preloaded intentionally. @ https://vercel.com/njauwangari6-gmailcoms-projects/v0-lost-and-found-app/deployments:0
[   21942ms] [WARNING] The resource https://vercel.com/_next/static/immutable/chunks/2oriaryyh9mxi.css was preloaded using link preload but not used within a few seconds from the window's load event. Please make sure it has an appropriate `as` value and it is preloaded intentionally. @ https://vercel.com/njauwangari6-gmailcoms-projects/v0-lost-and-found-app/deployments:0
[   21942ms] [WARNING] The resource https://vercel.com/_next/static/immutable/chunks/3so4vtuzezl_5.css was preloaded using link preload but not used within a few seconds from the window's load event. Please make sure it has an appropriate `as` value and it is preloaded intentionally. @ https://vercel.com/njauwangari6-gmailcoms-projects/v0-lost-and-found-app/deployments:0
[   21942ms] [WARNING] The resource https://vercel.com/_next/static/immutable/chunks/16zecwynffy7e.css was preloaded using link preload but not used within a few seconds from the window's load event. Please make sure it has an appropriate `as` value and it is preloaded intentionally. @ https://vercel.com/njauwangari6-gmailcoms-projects/v0-lost-and-found-app/deployments:0
[   21942ms] [WARNING] The resource https://vercel.com/_next/static/immutable/chunks/26wl_i8rmsifj.css was preloaded using link preload but not used within a few seconds from the window's load event. Please make sure it has an appropriate `as` value and it is preloaded intentionally. @ https://vercel.com/njauwangari6-gmailcoms-projects/v0-lost-and-found-app/deployments:0
[   21942ms] [WARNING] The resource https://vercel.com/_next/static/immutable/chunks/1tna-02e01jhj.css was preloaded using link preload but not used within a few seconds from the window's load event. Please make sure it has an appropriate `as` value and it is preloaded intentionally. @ https://vercel.com/njauwangari6-gmailcoms-projects/v0-lost-and-found-app/deployments:0
[   21942ms] [WARNING] The resource https://vercel.com/_next/static/immutable/chunks/18wv3dncosm18.css was preloaded using link preload but not used within a few seconds from the window's load event. Please make sure it has an appropriate `as` value and it is preloaded intentionally. @ https://vercel.com/njauwangari6-gmailcoms-projects/v0-lost-and-found-app/deployments:0
[   21942ms] [WARNING] The resource https://vercel.com/_next/static/immutable/chunks/2b2xbhkxq_cms.css was preloaded using link preload but not used within a few seconds from the window's load event. Please make sure it has an appropriate `as` value and it is preloaded intentionally. @ https://vercel.com/njauwangari6-gmailcoms-projects/v0-lost-and-found-app/deployments:0
[   21942ms] [WARNING] The resource https://vercel.com/_next/static/immutable/chunks/18_7_hfwrfr8q.css was preloaded using link preload but not used within a few seconds from the window's load event. Please make sure it has an appropriate `as` value and it is preloaded intentionally. @ https://vercel.com/njauwangari6-gmailcoms-projects/v0-lost-and-found-app/deployments:0
[   21942ms] [WARNING] The resource https://vercel.com/_next/static/immutable/chunks/2jysjpsfs8208.css was preloaded using link preload but not used within a few seconds from the window's load event. Please make sure it has an appropriate `as` value and it is preloaded intentionally. @ https://vercel.com/njauwangari6-gmailcoms-projects/v0-lost-and-found-app/deployments:0
[   21942ms] [WARNING] The resource https://vercel.com/_next/static/immutable/chunks/1-ast8lfkf95n.css was preloaded using link preload but not used within a few seconds from the window's load event. Please make sure it has an appropriate `as` value and it is preloaded intentionally. @ https://vercel.com/njauwangari6-gmailcoms-projects/v0-lost-and-found-app/deployments:0
[   27796ms] [WARNING] The resource https://vercel.com/_next/static/immutable/chunks/3flhcz7cw314y.css was preloaded using link preload but not used within a few seconds from the window's load event. Please make sure it has an appropriate `as` value and it is preloaded intentionally. @ https://vercel.com/njauwangari6-gmailcoms-projects/v0-lost-and-found-app/deployments:0
[   27796ms] [WARNING] The resource https://vercel.com/_next/static/immutable/chunks/2oriaryyh9mxi.css was preloaded using link preload but not used within a few seconds from the window's load event. Please make sure it has an appropriate `as` value and it is preloaded intentionally. @ https://vercel.com/njauwangari6-gmailcoms-projects/v0-lost-and-found-app/deployments:0
[   27796ms] [WARNING] The resource https://vercel.com/_next/static/immutable/chunks/3so4vtuzezl_5.css was preloaded using link preload but not used within a few seconds from the window's load event. Please make sure it has an appropriate `as` value and it is preloaded intentionally. @ https://vercel.com/njauwangari6-gmailcoms-projects/v0-lost-and-found-app/deployments:0
[   27797ms] [WARNING] The resource https://vercel.com/_next/static/immutable/chunks/16zecwynffy7e.css was preloaded using link preload but not used within a few seconds from the window's load event. Please make sure it has an appropriate `as` value and it is preloaded intentionally. @ https://vercel.com/njauwangari6-gmailcoms-projects/v0-lost-and-found-app/deployments:0
[   27797ms] [WARNING] The resource https://vercel.com/_next/static/immutable/chunks/26wl_i8rmsifj.css was preloaded using link preload but not used within a few seconds from the window's load event. Please make sure it has an appropriate `as` value and it is preloaded intentionally. @ https://vercel.com/njauwangari6-gmailcoms-projects/v0-lost-and-found-app/deployments:0
[   27797ms] [WARNING] The resource https://vercel.com/_next/static/immutable/chunks/1tna-02e01jhj.css was preloaded using link preload but not used within a few seconds from the window's load event. Please make sure it has an appropriate `as` value and it is preloaded intentionally. @ https://vercel.com/njauwangari6-gmailcoms-projects/v0-lost-and-found-app/deployments:0
[   27797ms] [WARNING] The resource https://vercel.com/_next/static/immutable/chunks/18wv3dncosm18.css was preloaded using link preload but not used within a few seconds from the window's load event. Please make sure it has an appropriate `as` value and it is preloaded intentionally. @ https://vercel.com/njauwangari6-gmailcoms-projects/v0-lost-and-found-app/deployments:0
[   27797ms] [WARNING] The resource https://vercel.com/_next/static/immutable/chunks/2b2xbhkxq_cms.css was preloaded using link preload but not used within a few seconds from the window's load event. Please make sure it has an appropriate `as` value and it is preloaded intentionally. @ https://vercel.com/njauwangari6-gmailcoms-projects/v0-lost-and-found-app/deployments:0
[   27797ms] [WARNING] The resource https://vercel.com/_next/static/immutable/chunks/18_7_hfwrfr8q.css was preloaded using link preload but not used within a few seconds from the window's load event. Please make sure it has an appropriate `as` value and it is preloaded intentionally. @ https://vercel.com/njauwangari6-gmailcoms-projects/v0-lost-and-found-app/deployments:0
[   27797ms] [WARNING] The resource https://vercel.com/_next/static/immutable/chunks/2jysjpsfs8208.css was preloaded using link preload but not used within a few seconds from the window's load event. Please make sure it has an appropriate `as` value and it is preloaded intentionally. @ https://vercel.com/njauwangari6-gmailcoms-projects/v0-lost-and-found-app/deployments:0
[   27797ms] [WARNING] The resource https://vercel.com/_next/static/immutable/chunks/1-ast8lfkf95n.css was preloaded using link preload but not used within a few seconds from the window's load event. Please make sure it has an appropriate `as` value and it is preloaded intentionally. @ https://vercel.com/njauwangari6-gmailcoms-projects/v0-lost-and-found-app/deployments:0
[   36378ms] [WARNING] The resource https://vercel.com/_next/static/immutable/chunks/3flhcz7cw314y.css was preloaded using link preload but not used within a few seconds from the window's load event. Please make sure it has an appropriate `as` value and it is preloaded intentionally. @ https://vercel.com/njauwangari6-gmailcoms-projects/v0-lost-and-found-app/deployments:0
[   36378ms] [WARNING] The resource https://vercel.com/_next/static/immutable/chunks/2oriaryyh9mxi.css was preloaded using link preload but not used within a few seconds from the window's load event. Please make sure it has an appropriate `as` value and it is preloaded intentionally. @ https://vercel.com/njauwangari6-gmailcoms-projects/v0-lost-and-found-app/deployments:0
[   36378ms] [WARNING] The resource https://vercel.com/_next/static/immutable/chunks/3so4vtuzezl_5.css was preloaded using link preload but not used within a few seconds from the window's load event. Please make sure it has an appropriate `as` value and it is preloaded intentionally. @ https://vercel.com/njauwangari6-gmailcoms-projects/v0-lost-and-found-app/deployments:0
[   36379ms] [WARNING] The resource https://vercel.com/_next/static/immutable/chunks/16zecwynffy7e.css was preloaded using link preload but not used within a few seconds from the window's load event. Please make sure it has an appropriate `as` value and it is preloaded intentionally. @ https://vercel.com/njauwangari6-gmailcoms-projects/v0-lost-and-found-app/deployments:0
[   36379ms] [WARNING] The resource https://vercel.com/_next/static/immutable/chunks/26wl_i8rmsifj.css was preloaded using link preload but not used within a few seconds from the window's load event. Please make sure it has an appropriate `as` value and it is preloaded intentionally. @ https://vercel.com/njauwangari6-gmailcoms-projects/v0-lost-and-found-app/deployments:0
[   36379ms] [WARNING] The resource https://vercel.com/_next/static/immutable/chunks/1tna-02e01jhj.css was preloaded using link preload but not used within a few seconds from the window's load event. Please make sure it has an appropriate `as` value and it is preloaded intentionally. @ https://vercel.com/njauwangari6-gmailcoms-projects/v0-lost-and-found-app/deployments:0
[   36379ms] [WARNING] The resource https://vercel.com/_next/static/immutable/chunks/18wv3dncosm18.css was preloaded using link preload but not used within a few seconds from the window's load event. Please make sure it has an appropriate `as` value and it is preloaded intentionally. @ https://vercel.com/njauwangari6-gmailcoms-projects/v0-lost-and-found-app/deployments:0
[   36379ms] [WARNING] The resource https://vercel.com/_next/static/immutable/chunks/2b2xbhkxq_cms.css was preloaded using link preload but not used within a few seconds from the window's load event. Please make sure it has an appropriate `as` value and it is preloaded intentionally. @ https://vercel.com/njauwangari6-gmailcoms-projects/v0-lost-and-found-app/deployments:0
[   36379ms] [WARNING] The resource https://vercel.com/_next/static/immutable/chunks/18_7_hfwrfr8q.css was preloaded using link preload but not used within a few seconds from the window's load event. Please make sure it has an appropriate `as` value and it is preloaded intentionally. @ https://vercel.com/njauwangari6-gmailcoms-projects/v0-lost-and-found-app/deployments:0
[   36379ms] [WARNING] The resource https://vercel.com/_next/static/immutable/chunks/2jysjpsfs8208.css was preloaded using link preload but not used within a few seconds from the window's load event. Please make sure it has an appropriate `as` value and it is preloaded intentionally. @ https://vercel.com/njauwangari6-gmailcoms-projects/v0-lost-and-found-app/deployments:0
[   36379ms] [WARNING] The resource https://vercel.com/_next/static/immutable/chunks/1-ast8lfkf95n.css was preloaded using link preload but not used within a few seconds from the window's load event. Please make sure it has an appropriate `as` value and it is preloaded intentionally. @ https://vercel.com/njauwangari6-gmailcoms-projects/v0-lost-and-found-app/deployments:0
[   42846ms] [WARNING] The resource https://vercel.com/_next/static/immutable/chunks/3flhcz7cw314y.css was preloaded using link preload but not used within a few seconds from the window's load event. Please make sure it has an appropriate `as` value and it is preloaded intentionally. @ https://vercel.com/njauwangari6-gmailcoms-projects/v0-lost-and-found-app/deployments:0
[   42846ms] [WARNING] The resource https://vercel.com/_next/static/immutable/chunks/2oriaryyh9mxi.css was preloaded using link preload but not used within a few seconds from the window's load event. Please make sure it has an appropriate `as` value and it is preloaded intentionally. @ https://vercel.com/njauwangari6-gmailcoms-projects/v0-lost-and-found-app/deployments:0
[   42846ms] [WARNING] The resource https://vercel.com/_next/static/immutable/chunks/3so4vtuzezl_5.css was preloaded using link preload but not used within a few seconds from the window's load event. Please make sure it has an appropriate `as` value and it is preloaded intentionally. @ https://vercel.com/njauwangari6-gmailcoms-projects/v0-lost-and-found-app/deployments:0
[   42846ms] [WARNING] The resource https://vercel.com/_next/static/immutable/chunks/16zecwynffy7e.css was preloaded using link preload but not used within a few seconds from the window's load event. Please make sure it has an appropriate `as` value and it is preloaded intentionally. @ https://vercel.com/njauwangari6-gmailcoms-projects/v0-lost-and-found-app/deployments:0
[   42846ms] [WARNING] The resource https://vercel.com/_next/static/immutable/chunks/26wl_i8rmsifj.css was preloaded using link preload but not used within a few seconds from the window's load event. Please make sure it has an appropriate `as` value and it is preloaded intentionally. @ https://vercel.com/njauwangari6-gmailcoms-projects/v0-lost-and-found-app/deployments:0
[   42846ms] [WARNING] The resource https://vercel.com/_next/static/immutable/chunks/1tna-02e01jhj.css was preloaded using link preload but not used within a few seconds from the window's load event. Please make sure it has an appropriate `as` value and it is preloaded intentionally. @ https://vercel.com/njauwangari6-gmailcoms-projects/v0-lost-and-found-app/deployments:0
[   42846ms] [WARNING] The resource https://vercel.com/_next/static/immutable/chunks/18wv3dncosm18.css was preloaded using link preload but not used within a few seconds from the window's load event. Please make sure it has an appropriate `as` value and it is preloaded intentionally. @ https://vercel.com/njauwangari6-gmailcoms-projects/v0-lost-and-found-app/deployments:0
[   42846ms] [WARNING] The resource https://vercel.com/_next/static/immutable/chunks/2b2xbhkxq_cms.css was preloaded using link preload but not used within a few seconds from the window's load event. Please make sure it has an appropriate `as` value and it is preloaded intentionally. @ https://vercel.com/njauwangari6-gmailcoms-projects/v0-lost-and-found-app/deployments:0
[   42846ms] [WARNING] The resource https://vercel.com/_next/static/immutable/chunks/18_7_hfwrfr8q.css was preloaded using link preload but not used within a few seconds from the window's load event. Please make sure it has an appropriate `as` value and it is preloaded intentionally. @ https://vercel.com/njauwangari6-gmailcoms-projects/v0-lost-and-found-app/deployments:0
[   42846ms] [WARNING] The resource https://vercel.com/_next/static/immutable/chunks/2jysjpsfs8208.css was preloaded using link preload but not used within a few seconds from the window's load event. Please make sure it has an appropriate `as` value and it is preloaded intentionally. @ https://vercel.com/njauwangari6-gmailcoms-projects/v0-lost-and-found-app/deployments:0
[   42846ms] [WARNING] The resource https://vercel.com/_next/static/immutable/chunks/1-ast8lfkf95n.css was preloaded using link preload but not used within a few seconds from the window's load event. Please make sure it has an appropriate `as` value and it is preloaded intentionally. @ https://vercel.com/njauwangari6-gmailcoms-projects/v0-lost-and-found-app/deployments:0
